concurrent.futures.process._RemoteTraceback: 
"""
Traceback (most recent call last):
  File "/usr/lib/python3.12/concurrent/futures/process.py", line 263, in _process_worker
    r = call_item.fn(*call_item.args, **call_item.kwargs)
        ^^^^^^^^^^^^^^^^^^^^^^^^^^^^^^^^^^^^^^^^^^^^^^^^^
  File "/home/runner/work/Shobi_Inspiration/Shobi_Inspiration/tools/audit_social_card_order_from_images.py", line 253, in inspect
    icon_counts = visible_icon_counts(source_panel, selected["notesHeaderY"], visible_rows)
                  ^^^^^^^^^^^^^^^^^^^^^^^^^^^^^^^^^^^^^^^^^^^^^^^^^^^^^^^^^^^^^^^^^^^^^^^^^
  File "/home/runner/work/Shobi_Inspiration/Shobi_Inspiration/tools/audit_social_card_order_from_images.py", line 183, in visible_icon_counts
    import numpy as np
ModuleNotFoundError: No module named 'numpy'
"""

The above exception was the direct cause of the following exception:

Traceback (most recent call last):
  File "/home/runner/work/Shobi_Inspiration/Shobi_Inspiration/tools/audit_social_card_order_from_images.py", line 294, in <module>
    main()
  File "/home/runner/work/Shobi_Inspiration/Shobi_Inspiration/tools/audit_social_card_order_from_images.py", line 280, in main
    results.append(future.result())
                   ^^^^^^^^^^^^^^^
  File "/usr/lib/python3.12/concurrent/futures/_base.py", line 449, in result
    return self.__get_result()
           ^^^^^^^^^^^^^^^^^^^
  File "/usr/lib/python3.12/concurrent/futures/_base.py", line 401, in __get_result
    raise self._exception
ModuleNotFoundError: No module named 'numpy'
